// Jest Snapshot v1, https://goo.gl/fbAQLP

exports[`Calculator component matches snapshot 1`] = `
<DocumentFragment>
  <div
    class="calculator"
  >
    <h2>
      Let's do some math!
    </h2>
    <div
      class="buttons"
    >
      <button
        class="result"
        type="button"
      >
          
      </button>
      <button
        type="button"
      >
        AC
      </button>
      <button
        type="button"
      >
        +/-
      </button>
      <button
        type="button"
      >
        % 
      </button>
      <button
        class="operator"
        type="button"
      >
        รท
      </button>
      <button
        type="button"
      >
        7
      </button>
      <button
        type="button"
      >
        8
      </button>
      <button
        type="button"
      >
        9
      </button>
      <button
        class="operator"
        type="button"
      >
        x
      </button>
      <button
        type="button"
      >
        4
      </button>
      <button
        type="button"
      >
        5
      </button>
      <button
        type="button"
      >
        6
      </button>
      <button
        class="operator"
        type="button"
      >
        -
      </button>
      <button
        type="button"
      >
        1
      </button>
      <button
        type="button"
      >
        2
      </button>
      <button
        type="button"
      >
        3
      </button>
      <button
        class="operator"
        type="button"
      >
        +
      </button>
      <button
        class="zero"
        type="button"
      >
        0
      </button>
      <button
        type="button"
      >
        . 
      </button>
      <button
        class="operator"
        type="button"
      >
        =
      </button>
    </div>
  </div>
</DocumentFragment>
`;
