// Jest Snapshot v1, https://goo.gl/fbAQLP

exports[`Home component matches snapshot 1`] = `
<DocumentFragment>
  <div
    class="home"
  >
    <h2>
      Welcome to our page!
    </h2>
    <p>
      Lorem ipsum dolor sit amet consectetur adipisicing elit. Minus praesentium temporibus in voluptatum voluptate animi mollitia fugiat esse, culpa ex exercitationem possimus expedita vero beatae similique repellat debitis blanditiis labore. Tenetur error dolore necessitatibus dolorem enim quasi tempora eos veritatis, eius ex dignissimosLoewewadasd dasdasdsankczxcjasdoiw9eqfbansdbasjdildiiafjkfasdasdnsd xcklSdqwrweutwekgkdsa sddsdfssd fsf fs sds we w rwr rw wrgew eqgeh.
    </p>
    <p>
      Laboriosam aperiam excepturi cupiditate, eligendi voluptatem ad! In odit incidunt officia. Pariatur sed dolorem aliquam vel omnis, facere quibusdam quasi, quos minima sequi saepe? Libero voluptas enim aperiam tenetur saepe? Molestiae culpa, qui illo quo asperiores, provident officia magnam illum eius consequatur labore, dolore unde eveniet? Reiciendis omnis perspiciatis, voluptate totam nihil, veniam corrupti vitae inventore minus voluptatum, neque nisi!qui illo quo asperiores, provident officia magnam illum eius consequatur labo
    </p>
  </div>
</DocumentFragment>
`;
