// Jest Snapshot v1, https://goo.gl/fbAQLP

exports[`Quotes component matches snapshot 1`] = `
<DocumentFragment>
  <div>
    Loading...wait for a few secondsðŸ˜‰
  </div>
</DocumentFragment>
`;
